This file contains any messages produced by compilers while
running configure, to aid debugging if configure makes a mistake.

It was created by BBDB configure 2.36 devo, which was
generated by GNU Autoconf 2.64.  Invocation command line was

  $ ./configure --with-symlinks

## --------- ##
## Platform. ##
## --------- ##

hostname = darabi-x360
uname -m = i686
uname -r = 2.6.31-17-generic
uname -s = Linux
uname -v = #54-Ubuntu SMP Thu Dec 10 16:20:31 UTC 2009

/usr/bin/uname -p = unknown
/bin/uname -X     = unknown

/bin/arch              = unknown
/usr/bin/arch -k       = unknown
/usr/convex/getsysinfo = unknown
/usr/bin/hostinfo      = unknown
/bin/machine           = unknown
/usr/bin/oslevel       = unknown
/bin/universe          = unknown

PATH: /usr/local/sbin
PATH: /usr/local/bin
PATH: /usr/sbin
PATH: /usr/bin
PATH: /sbin
PATH: /bin
PATH: /usr/games


## ----------- ##
## Core tests. ##
## ----------- ##

configure:1724: checking whether make sets $(MAKE)
configure:1746: result: yes
configure:1792: checking for a BSD-compatible install
configure:1860: result: /usr/bin/install -c
configure:1871: checking whether ln -s works
configure:1875: result: yes
configure:1884: checking for rm
configure:1902: found /bin/rm
configure:1915: result: /bin/rm
configure:1925: checking for grep
configure:1943: found /bin/grep
configure:1956: result: /bin/grep
configure:1965: checking for my keys
configure:1967: result: not found
configure:1975: checking for gtar
configure:2005: result: no
configure:1975: checking for tar
configure:1991: found /bin/tar
configure:2002: result: tar
configure:2014: checking that tar is GNU tar
configure:2021: result: yes
configure:2035: checking for gzip
configure:2051: found /bin/gzip
configure:2062: result: gzip
configure:2088: checking for makeinfo
configure:2118: result: no
configure:2124: WARNING: *** No makeinfo program found.
configure:2126: WARNING: *** Info files will not be built.
configure:2131: checking for texi2dvi
configure:2161: result: no
configure:2167: WARNING: *** No texi2dvi program found.
configure:2169: WARNING: *** DVI and PDF files will not be built.
configure:2174: checking for etags
configure:2190: found /usr/bin/etags
configure:2201: result: etags
configure:2224: checking for emacs
configure:2242: found /usr/bin/emacs
configure:2254: result: /usr/bin/emacs
configure:2398: checking checking emacs-type of /usr/bin/emacs
configure:2404: result: emacs
configure:2614: creating ./config.status

## ---------------------- ##
## Running config.status. ##
## ---------------------- ##

This file was extended by BBDB config.status 2.36 devo, which was
generated by GNU Autoconf 2.64.  Invocation command line was

  CONFIG_FILES    = 
  CONFIG_HEADERS  = 
  CONFIG_LINKS    = 
  CONFIG_COMMANDS = 
  $ ./config.status 

on darabi-x360

config.status:749: creating Makefile
config.status:749: creating lisp/Makefile
config.status:749: creating texinfo/Makefile
config.status:749: creating tex/Makefile
config.status:749: creating utils/Makefile
config.status:749: creating testing/Makefile

## ---------------- ##
## Cache variables. ##
## ---------------- ##

ac_cv_env_build_alias_set=
ac_cv_env_build_alias_value=
ac_cv_env_host_alias_set=
ac_cv_env_host_alias_value=
ac_cv_env_target_alias_set=
ac_cv_env_target_alias_value=
ac_cv_path_EMACS_PROG=/usr/bin/emacs
ac_cv_path_GREP=/bin/grep
ac_cv_path_RM=/bin/rm
ac_cv_path_install='/usr/bin/install -c'
ac_cv_prog_COMPRESS=gzip
ac_cv_prog_ETAGS=etags
ac_cv_prog_TAR=tar
ac_cv_prog_make_make_set=yes

## ----------------- ##
## Output variables. ##
## ----------------- ##

BBDB_GNUS='gnus'
BBDB_LOADPATH='./loadpath.el'
BBDB_MHE=''
BBDB_REPORTMAIL=''
BBDB_RMAIL=''
BBDB_SC='bbdb-sc.elc'
BBDB_SRV=''
BBDB_VM=''
COMPEXT='gz'
COMPRESS='gzip --verbose --best'
DEFS='-DPACKAGE_NAME=\"BBDB\" -DPACKAGE_TARNAME=\"bbdb\" -DPACKAGE_VERSION=\"2.36\ devo\" -DPACKAGE_STRING=\"BBDB\ 2.36\ devo\" -DPACKAGE_BUGREPORT=\"bbdb-info@lists.sourceforge.net\" -DPACKAGE_URL=\"\"'
ECHO_C=''
ECHO_N='-n'
ECHO_T=''
EMACS_FLAVOR='emacs'
EMACS_PROG='/usr/bin/emacs'
ETAGS='etags'
GNUSDIR=''
GREP='/bin/grep'
GREPCONTEXT=''
HUSHMAKE='@'
INSTALL_DATA='${INSTALL} -m 644'
INSTALL_PROGRAM='${INSTALL}'
INSTALL_SCRIPT='${INSTALL}'
LIBOBJS=''
LIBS=''
LINKPATH=''
LN_S='ln -s'
LTLIBOBJS=''
MAKEINFO=''
MHEDIR=''
OTHERDIRS=''
PACKAGEDIR='/usr/lib/xemacs/site-packages'
PACKAGE_BUGREPORT='bbdb-info@lists.sourceforge.net'
PACKAGE_NAME='BBDB'
PACKAGE_STRING='BBDB 2.36 devo'
PACKAGE_TARNAME='bbdb'
PACKAGE_URL=''
PACKAGE_VERSION='2.36 devo'
PATH_SEPARATOR=':'
RM='/bin/rm -f'
SET_MAKE=''
SHELL='/bin/bash'
SYMLINKS='yes'
TAR='tar'
TEXI2DVI=''
VMDIR=''
bindir='${exec_prefix}/bin'
build_alias=''
datadir='${datarootdir}'
datarootdir='${prefix}/share'
docdir='${datarootdir}/doc/${PACKAGE_TARNAME}'
dvidir='${docdir}'
exec_prefix='${prefix}'
host_alias=''
htmldir='${docdir}'
includedir='${prefix}/include'
infodir='${datarootdir}/info'
libdir='${exec_prefix}/lib'
libexecdir='${exec_prefix}/libexec'
localedir='${datarootdir}/locale'
localstatedir='${prefix}/var'
mandir='${datarootdir}/man'
oldincludedir='/usr/include'
pdfdir='${docdir}'
prefix='/usr/local'
program_transform_name='s,x,x,'
psdir='${docdir}'
sbindir='${exec_prefix}/sbin'
sharedstatedir='${prefix}/com'
sysconfdir='${prefix}/etc'
target_alias=''

## ----------- ##
## confdefs.h. ##
## ----------- ##

/* confdefs.h */
#define PACKAGE_NAME "BBDB"
#define PACKAGE_TARNAME "bbdb"
#define PACKAGE_VERSION "2.36 devo"
#define PACKAGE_STRING "BBDB 2.36 devo"
#define PACKAGE_BUGREPORT "bbdb-info@lists.sourceforge.net"
#define PACKAGE_URL ""

configure: exit 0
